Microchip MPLAB XC8 Compiler V2.05 ()

Linker command line:

-W-3 --edf=C:\Program Files (x86)\Microchip\xc8\v2.05\pic\dat\en_msgs.txt \
  -cs -h+dist/default/production\main.X.production.sym \
  --cmf=dist/default/production\main.X.production.cmf -z -Q16F1787 \
  -oC:\Users\MARCO_~1\AppData\Local\Temp\sfgk.2 --defsym=__MPLAB_BUILD=1 \
  -Mdist/default/production/main.X.production.map -E1 -ver=XC8 --acfsm=1493 \
  -ASTACK=020CDh-023EFh -pstack=STACK -ACODE=00h-07FFhx4 \
  -ASTRCODE=00h-01FFFh -ASTRING=00h-0FFhx32 -ACONST=00h-0FFhx32 \
  -AENTRY=00h-0FFhx32 -ACOMMON=070h-07Fh -ABANK0=020h-06Fh \
  -ABANK1=0A0h-0EFh -ABANK2=0120h-016Fh -ABANK3=01A0h-01EFh \
  -ABANK4=0220h-026Fh -ABANK5=02A0h-02EFh -ABANK6=0320h-036Fh \
  -ABANK7=03A0h-03EFh -ABANK8=0420h-046Fh -ABANK9=04A0h-04EFh \
  -ABANK10=0520h-056Fh -ABANK11=05A0h-05EFh -ABANK12=0620h-064Fh \
  -ABIGRAM=02000h-023EFh \
  -ARAM=020h-06Fh,0A0h-0EFh,0120h-016Fh,01A0h-01EFh,0220h-026Fh,02A0h-02EFh,0320h-036Fh,03A0h-03EFh,0420h-046Fh,04A0h-04EFh,0520h-056Fh,05A0h-05EFh,0620h-064Fh \
  -AABS1=020h-07Fh,0A0h-0EFh,0120h-016Fh,01A0h-01EFh,0220h-026Fh,02A0h-02EFh,0320h-036Fh,03A0h-03EFh,0420h-046Fh,04A0h-04EFh,0520h-056Fh,05A0h-05EFh,0620h-064Fh \
  -ASFR0=00h-01Fh -ASFR1=080h-09Fh -ASFR2=0100h-011Fh -ASFR3=0180h-019Fh \
  -ASFR4=0200h-021Fh -ASFR5=0280h-029Fh -ASFR6=0300h-031Fh \
  -ASFR7=0380h-039Fh -ASFR8=0400h-041Fh -ASFR9=0480h-049Fh \
  -ASFR10=0500h-051Fh -ASFR11=0580h-059Fh -ASFR12=0600h-061Fh \
  -ASFR13=0680h-06EFh -ASFR14=0700h-076Fh -ASFR15=0780h-07EFh \
  -ASFR16=0800h-086Fh -ASFR17=0880h-08EFh -ASFR18=0900h-096Fh \
  -ASFR19=0980h-09EFh -ASFR20=0A00h-0A6Fh -ASFR21=0A80h-0AEFh \
  -ASFR22=0B00h-0B6Fh -ASFR23=0B80h-0BEFh -ASFR24=0C00h-0C6Fh \
  -ASFR25=0C80h-0CEFh -ASFR26=0D00h-0D6Fh -ASFR27=0D80h-0DEFh \
  -ASFR28=0E00h-0E6Fh -ASFR29=0E80h-0EEFh -ASFR30=0F00h-0F6Fh \
  -ASFR31=0F80h-0FEFh -preset_vec=00h,intentry=04h,init,end_init \
  -ppowerup=CODE -pcinit=CODE -pfunctab=ENTRY -ACONFIG=08007h-08008h \
  -pconfig=CONFIG -DCONFIG=2 -AIDLOC=08000h-08003h -pidloc=IDLOC -DIDLOC=2 \
  -AEEDATA=00h-0FFh/0F000h -peeprom_data=EEDATA -DEEDATA=2 -DCODE=2 \
  -DSTRCODE=2 -DSTRING=2 -DCONST=2 -DENTRY=2 -k \
  C:\Users\MARCO_~1\AppData\Local\Temp\sfgk.o \
  dist/default/production\main.X.production.o 

Object code version is 3.11

Machine type is 16F1787



                Name                               Link     Load   Length Selector   Space Scale
C:\Users\MARCO_~1\AppData\Local\Temp\sfgk.o
                end_init                             90       90        2        8       0
                reset_vec                             0        0        2        0       0
                config                             8007     8007        2    1000E       0
dist/default/production\main.X.production.o
                cinit                                92       92       23        8       0
                intentry                              4        4       8C        8       0
                text18                              34B      34B       11      696       0
                text17                              15C      15C       95        8       0
                text16                              369      369        D      696       0
                text15                              24E      24E       5D        8       0
                text14                              2E0      2E0       2E        8       0
                text13                              35C      35C        D      696       0
                text11                              381      381        A      696       0
                text10                              3E9      3E9        5      798       0
                text9                               3E4      3E4        5      798       0
                text8                               3DF      3DF        5      798       0
                text7                               3CC      3CC        8      798       0
                text6                               2AB      2AB       35        8       0
                text5                               324      324       16        8       0
                text4                               3DA      3DA        5      798       0
                text3                               1F1      1F1       5D        8       0
                text2                               376      376        B      696       0
                text1                               30E      30E       16        8       0
                maintext                             B5       B5       A7        8       0
                cstackBANK0                          4B       4B       15       20       1
                cstackCOMMON                         70       70        E       70       1
                cstackBANK2                         140      140        D      120       1
                clrtext                             3D4      3D4        6      798       0
                bssBANK2                            120      120       20      120       1
                bssBANK1                             A0       A0       4A       A0       1
                dataBANK0                            60       60        2       20       1
                bssBANK0                             20       20       2B       20       1
                stringtext14                        3FF      3FF        2      7FE       0
                stringtext13                        3FA      3FA        3      7DC       0
                stringtext12                        3F6      3F6        4      7DC       0
                stringtext11                        3F2      3F2        4      7DC       0
                stringtext10                        3EE      3EE        4      7DC       0
                stringtext9                         3C4      3C4        8      716       0
                stringtext8                         3BC      3BC        8      716       0
                stringtext7                         3B4      3B4        8      716       0
                stringtext6                         3AC      3AC        8      716       0
                stringtext5                         3A4      3A4        8      716       0
                stringtext4                         38B      38B        9      716       0
                stringtext3                         33A      33A       11      674       0
                stringtext2                         39C      39C        8      716       0
                stringtext1                         394      394        8      716       0
                idataBANK0                          3FD      3FD        2      7FA       0

TOTAL           Name                               Link     Load   Length     Space
        CLASS   STACK          

        CLASS   CODE           
                end_init                             90       90        2         0
                cinit                                92       92       23         0
                intentry                              4        4       8C         0
                reset_vec                             0        0        2         0
                text18                              34B      34B       11         0
                text17                              15C      15C       95         0
                text16                              369      369        D         0
                text15                              24E      24E       5D         0
                text14                              2E0      2E0       2E         0
                text13                              35C      35C        D         0
                text11                              381      381        A         0
                text10                              3E9      3E9        5         0
                text9                               3E4      3E4        5         0
                text8                               3DF      3DF        5         0
                text7                               3CC      3CC        8         0
                text6                               2AB      2AB       35         0
                text5                               324      324       16         0
                text4                               3DA      3DA        5         0
                text3                               1F1      1F1       5D         0
                text2                               376      376        B         0
                text1                               30E      30E       16         0
                maintext                             B5       B5       A7         0
                clrtext                             3D4      3D4        6         0
                idataBANK0                          3FD      3FD        2         0

        CLASS   STRCODE        
                stringtext14                        3FF      3FF        2         0
                stringtext13                        3FA      3FA        3         0
                stringtext12                        3F6      3F6        4         0
                stringtext11                        3F2      3F2        4         0
                stringtext10                        3EE      3EE        4         0
                stringtext9                         3C4      3C4        8         0
                stringtext8                         3BC      3BC        8         0
                stringtext7                         3B4      3B4        8         0
                stringtext6                         3AC      3AC        8         0
                stringtext5                         3A4      3A4        8         0
                stringtext4                         38B      38B        9         0
                stringtext3                         33A      33A       11         0
                stringtext2                         39C      39C        8         0
                stringtext1                         394      394        8         0

        CLASS   STRING         

        CLASS   CONST          

        CLASS   ENTRY          

        CLASS   COMMON         
                cstackCOMMON                         70       70        E         1

        CLASS   BANK0          
                cstackBANK0                          4B       4B       15         1
                dataBANK0                            60       60        2         1
                bssBANK0                             20       20       2B         1

        CLASS   BANK1          
                bssBANK1                             A0       A0       4A         1

        CLASS   BANK2          
                cstackBANK2                         140      140        D         1
                bssBANK2                            120      120       20         1

        CLASS   BANK3          

        CLASS   BANK4          

        CLASS   BANK5          

        CLASS   BANK6          

        CLASS   BANK7          

        CLASS   BANK8          

        CLASS   BANK9          

        CLASS   BANK10         

        CLASS   BANK11         

        CLASS   BANK12         

        CLASS   BIGRAM         

        CLASS   RAM            

        CLASS   ABS1           
                abs_s1                               7E       7E        2         1

        CLASS   SFR0           

        CLASS   SFR1           

        CLASS   SFR2           

        CLASS   SFR3           

        CLASS   SFR4           

        CLASS   SFR5           

        CLASS   SFR6           

        CLASS   SFR7           

        CLASS   SFR8           

        CLASS   SFR9           

        CLASS   SFR10          

        CLASS   SFR11          

        CLASS   SFR12          

        CLASS   SFR13          

        CLASS   SFR14          

        CLASS   SFR15          

        CLASS   SFR16          

        CLASS   SFR17          

        CLASS   SFR18          

        CLASS   SFR19          

        CLASS   SFR20          

        CLASS   SFR21          

        CLASS   SFR22          

        CLASS   SFR23          

        CLASS   SFR24          

        CLASS   SFR25          

        CLASS   SFR26          

        CLASS   SFR27          

        CLASS   SFR28          

        CLASS   SFR29          

        CLASS   SFR30          

        CLASS   SFR31          

        CLASS   CONFIG         
                config                             8007     8007        2         0

        CLASS   IDLOC          

        CLASS   EEDATA         

        CLASS   BANK31         

        CLASS   BANK30         

        CLASS   BANK29         

        CLASS   BANK28         

        CLASS   BANK27         

        CLASS   BANK26         

        CLASS   BANK25         

        CLASS   BANK24         

        CLASS   BANK23         

        CLASS   BANK22         

        CLASS   BANK21         

        CLASS   BANK20         

        CLASS   BANK19         

        CLASS   BANK18         

        CLASS   BANK17         

        CLASS   BANK16         

        CLASS   BANK15         

        CLASS   BANK14         

        CLASS   BANK13         



SEGMENTS        Name                           Load    Length   Top    Selector   Space  Class     Delta

                reset_vec                      000000  000002  000002         0       0  CODE        2
                intentry                       000004  000336  00033A         8       0  CODE        2
                bssBANK0                       000020  000042  000062        20       1  BANK0       1
                cstackCOMMON                   000070  00000E  00007E        70       1  COMMON      1
                bssBANK1                       0000A0  00004A  0000EA        A0       1  BANK1       1
                bssBANK2                       000120  00002D  00014D       120       1  BANK2       1
                stringtext3                    00033A  000011  00034B       674       0  STRCODE     2
                text18                         00034B  000040  00038B       696       0  CODE        2
                stringtext4                    00038B  000041  0003CC       716       0  STRCODE     2
                text7                          0003CC  000022  0003EE       798       0  CODE        2
                stringtext10                   0003EE  00000F  0003FD       7DC       0  STRCODE     2
                idataBANK0                     0003FD  000002  0003FF       7FA       0  CODE        2
                stringtext14                   0003FF  000002  000401       7FE       0  STRCODE     2
                config                         008007  000002  008009     1000E       0  CONFIG      2


UNUSED ADDRESS RANGES

        Name                Unused          Largest block    Delta
        BANK0            00062-0006F               E           1
        BANK1            000EA-000EF               6           1
        BANK10           00520-0056F              50           1
        BANK11           005A0-005EF              50           1
        BANK12           00620-0064F              30           1
        BANK2            0014D-0016F              23           1
        BANK3            001A0-001EF              50           1
        BANK4            00220-0026F              50           1
        BANK5            002A0-002EF              50           1
        BANK6            00320-0036F              50           1
        BANK7            003A0-003EF              50           1
        BANK8            00420-0046F              50           1
        BANK9            004A0-004EF              50           1
        BIGRAM           02000-023EF             3F0           1
        CODE             00002-00003               2           2
                         00401-01FFF             800
        CONST            00002-00003               2           2
                         00401-01FFF             100
        EEDATA           0F000-0F0FF             100           2
        ENTRY            00002-00003               2           2
                         00401-01FFF             100
        IDLOC            08000-08003               4           2
        RAM              00062-0006F               E           1
                         000EA-000EF               6
                         0014D-0016F              23
                         001A0-001EF              50
                         00220-0026F              50
                         002A0-002EF              50
                         00320-0036F              50
                         003A0-003EF              50
                         00420-0046F              50
                         004A0-004EF              50
                         00520-0056F              50
                         005A0-005EF              50
                         00620-0064F              30
        SFR0             00000-0001F              20           1
        SFR1             00080-0009F              20           1
        SFR10            00500-0051F              20           1
        SFR11            00580-0059F              20           1
        SFR12            00600-0061F              20           1
        SFR13            00680-006EF              70           1
        SFR14            00700-0076F              70           1
        SFR15            00780-007EF              70           1
        SFR16            00800-0086F              70           1
        SFR17            00880-008EF              70           1
        SFR18            00900-0096F              70           1
        SFR19            00980-009EF              70           1
        SFR2             00100-0011F              20           1
        SFR20            00A00-00A6F              70           1
        SFR21            00A80-00AEF              70           1
        SFR22            00B00-00B6F              70           1
        SFR23            00B80-00BEF              70           1
        SFR24            00C00-00C6F              70           1
        SFR25            00C80-00CEF              70           1
        SFR26            00D00-00D6F              70           1
        SFR27            00D80-00DEF              70           1
        SFR28            00E00-00E6F              70           1
        SFR29            00E80-00EEF              70           1
        SFR3             00180-0019F              20           1
        SFR30            00F00-00F6F              70           1
        SFR31            00F80-00FEF              70           1
        SFR4             00200-0021F              20           1
        SFR5             00280-0029F              20           1
        SFR6             00300-0031F              20           1
        SFR7             00380-0039F              20           1
        SFR8             00400-0041F              20           1
        SFR9             00480-0049F              20           1
        STACK            020CD-023EF             323           1
        STRCODE          00002-00003               2           2
                         00401-01FFF            1BFF
        STRING           00002-00003               2           2
                         00401-01FFF             100

                                  Symbol Table

?_LSM330_read                       cstackBANK0  00051
DelayMS@timeMS                      cstackCOMMON 00070
EVENTS_TimerISR@i                   cstackCOMMON 0007D
EVENTS_TimerISR@stateOld            bssBANK0     00045
EVENTS_Update@switchCount           bssBANK1     000A0
EVENTS_Update@switchFlags           bssBANK0     00046
I2C_ReadByte@ack                    cstackBANK0  00050
I2C_WriteByte@data                  cstackBANK0  00050
INT_Manager@cnt                     cstackBANK0  0004D
INT_Manager@cnt_1264                cstackBANK0  0004E
INT_Manager@cnt_1266                cstackBANK0  0004F
LCD_CreateArrows@arrow_down         stringtext2  0039C
LCD_CreateArrows@arrow_up           stringtext3  0033A
LCD_CreateArrows@ok                 stringtext1  00394
LSM330_read@Addr                    cstackBANK0  0005D
LSM330_read@RegAddress              cstackBANK0  00051
LSM330_read@data                    cstackBANK0  0005A
LSM330_read@dataH                   cstackBANK0  00058
LSM330_read@dataL                   cstackBANK0  0005C
MENU_Call@doRepeatFunction          bssBANK0     0003F
MENU_Call@drawAfterReturn           bssBANK0     0003E
MENU_Call@isFirstCall               dataBANK0    00060
MENU_Call@p_cursorRowMenuEntry      bssBANK0     00041
MENU_Call@p_firstRowMenuEntry       bssBANK0     00040
PBA_loopdelay@loopDelayMS           bssBANK0     00034
UART_Putc@c                         cstackBANK0  00051
_ADCON0                             (abs)        0009D
_ADCON0bits                         (abs)        0009D
_ADCON1                             (abs)        0009E
_ADCON2                             (abs)        0009F
_ADRESH                             (abs)        0009C
_ADRESL                             (abs)        0009B
_ANSELA                             (abs)        0018C
_ANSELB                             (abs)        0018D
_ANSELBbits                         (abs)        0018D
_ANSELD                             (abs)        0018F
_ANSELE                             (abs)        00190
_APFCON1bits                        (abs)        0011D
_BAUD1CONbits                       (abs)        0019F
_DelayMS                            text14       002E0
_EEADRL                             (abs)        00191
_EECON1bits                         (abs)        00195
_EECON2                             (abs)        00196
_EEDATL                             (abs)        00193
_EVENTS_ActiveUntilHandler          (abs)        00000
_EVENTS_ResetTimeoutHandler         (abs)        00000
_EVENTS_TimeoutHandler              (abs)        00000
_EVENTS_TimerISR                    text15       0024E
_I2C_Init                           text11       00381
_I2C_ReadByte                       text5        00324
_I2C_Restart                        text4        003DA
_I2C_Start                          text9        003E4
_I2C_Stop                           text8        003DF
_I2C_WaitIF                         text10       003E9
_I2C_WriteByte                      text7        003CC
_INTCONbits                         (abs)        0000B
_INT_Manager                        intentry     00004
_LATAbits                           (abs)        0010C
_LATC                               (abs)        0010E
_LATCbits                           (abs)        0010E
_LATD                               (abs)        0010F
_LATE                               (abs)        00110
_LATEbits                           (abs)        00110
_LOOPDELAY_TimerISR                 text16       00369
_LSM330_init                        text6        002AB
_LSM330_read                        text3        001F1
_OSCCONbits                         (abs)        00099
_PIE1bits                           (abs)        00091
_PIR1bits                           (abs)        00011
_PORTB                              (abs)        0000D
_PORTD                              (abs)        0000F
_PR2                                (abs)        0001B
_RC1STAbits                         (abs)        0019D
_RCREG                              (abs)        00199
_RCSTA                              (abs)        0019D
_SPBRG                              (abs)        0019B
_SPBRGH                             (abs)        0019C
_SSP1CON1bits                       (abs)        00215
_SSP1CON2bits                       (abs)        00216
_SSPADD                             (abs)        00212
_SSPBUF                             (abs)        00211
_SSPCON                             (abs)        00215
_T2CON                              (abs)        0001C
_TMR2                               (abs)        0001A
_TRISA                              (abs)        0008C
_TRISB                              (abs)        0008D
_TRISBbits                          (abs)        0008D
_TRISC                              (abs)        0008E
_TRISD                              (abs)        0008F
_TRISE                              (abs)        00090
_TX1STAbits                         (abs)        0019E
_TXREG                              (abs)        0019A
_TXSTA                              (abs)        0019E
_UART_Init                          text2        00376
_UART_Putc                          text1        0030E
_UnhandledInterrupt                 text13       0035C
_WPUA                               (abs)        0020C
_WPUB                               (abs)        0020D
_WPUC                               (abs)        0020E
_WPUD                               (abs)        0020F
_WPUE                               (abs)        00210
__CFG_BOREN$OFF                     (abs)        00000
__CFG_BORV$LO                       (abs)        00000
__CFG_CLKOUTEN$OFF                  (abs)        00000
__CFG_CP$OFF                        (abs)        00000
__CFG_CPD$OFF                       (abs)        00000
__CFG_FCMEN$OFF                     (abs)        00000
__CFG_FOSC$HS                       (abs)        00000
__CFG_IESO$ON                       (abs)        00000
__CFG_LPBOR$OFF                     (abs)        00000
__CFG_LVP$OFF                       (abs)        00000
__CFG_MCLRE$ON                      (abs)        00000
__CFG_PLLEN$ON                      (abs)        00000
__CFG_PWRTE$ON                      (abs)        00000
__CFG_STVREN$ON                     (abs)        00000
__CFG_VCAPEN$OFF                    (abs)        00000
__CFG_WDTE$OFF                      (abs)        00000
__CFG_WRT$OFF                       (abs)        00000
__Habs1                             abs1         00000
__Hbank0                            bank0        00000
__Hbank1                            bank1        00000
__Hbank10                           bank10       00000
__Hbank11                           bank11       00000
__Hbank12                           bank12       00000
__Hbank13                           bank13       00000
__Hbank14                           bank14       00000
__Hbank15                           bank15       00000
__Hbank16                           bank16       00000
__Hbank17                           bank17       00000
__Hbank18                           bank18       00000
__Hbank19                           bank19       00000
__Hbank2                            bank2        00000
__Hbank20                           bank20       00000
__Hbank21                           bank21       00000
__Hbank22                           bank22       00000
__Hbank23                           bank23       00000
__Hbank24                           bank24       00000
__Hbank25                           bank25       00000
__Hbank26                           bank26       00000
__Hbank27                           bank27       00000
__Hbank28                           bank28       00000
__Hbank29                           bank29       00000
__Hbank3                            bank3        00000
__Hbank30                           bank30       00000
__Hbank31                           bank31       00000
__Hbank4                            bank4        00000
__Hbank5                            bank5        00000
__Hbank6                            bank6        00000
__Hbank7                            bank7        00000
__Hbank8                            bank8        00000
__Hbank9                            bank9        00000
__Hbigram                           bigram       00000
__HbssBANK0                         bssBANK0     00000
__HbssBANK1                         bssBANK1     00000
__HbssBANK2                         bssBANK2     00000
__Hcinit                            cinit        000B5
__Hclrtext                          clrtext      00000
__Hcode                             code         00000
__Hcommon                           common       00000
__Hconfig                           config       08009
__HcstackBANK0                      cstackBANK0  00000
__HcstackBANK2                      cstackBANK2  00000
__HcstackCOMMON                     cstackCOMMON 00000
__HdataBANK0                        dataBANK0    00000
__Heeprom_data                      eeprom_data  00000
__Hend_init                         end_init     00092
__Hfunctab                          functab      00000
__HidataBANK0                       idataBANK0   00000
__Hidloc                            idloc        00000
__Hinit                             init         00090
__Hintentry                         intentry     00090
__Hmaintext                         maintext     00000
__Hpowerup                          powerup      00000
__Hram                              ram          00000
__Hreset_vec                        reset_vec    00002
__Hsfr0                             sfr0         00000
__Hsfr1                             sfr1         00000
__Hsfr10                            sfr10        00000
__Hsfr11                            sfr11        00000
__Hsfr12                            sfr12        00000
__Hsfr13                            sfr13        00000
__Hsfr14                            sfr14        00000
__Hsfr15                            sfr15        00000
__Hsfr16                            sfr16        00000
__Hsfr17                            sfr17        00000
__Hsfr18                            sfr18        00000
__Hsfr19                            sfr19        00000
__Hsfr2                             sfr2         00000
__Hsfr20                            sfr20        00000
__Hsfr21                            sfr21        00000
__Hsfr22                            sfr22        00000
__Hsfr23                            sfr23        00000
__Hsfr24                            sfr24        00000
__Hsfr25                            sfr25        00000
__Hsfr26                            sfr26        00000
__Hsfr27                            sfr27        00000
__Hsfr28                            sfr28        00000
__Hsfr29                            sfr29        00000
__Hsfr3                             sfr3         00000
__Hsfr30                            sfr30        00000
__Hsfr31                            sfr31        00000
__Hsfr4                             sfr4         00000
__Hsfr5                             sfr5         00000
__Hsfr6                             sfr6         00000
__Hsfr7                             sfr7         00000
__Hsfr8                             sfr8         00000
__Hsfr9                             sfr9         00000
__Hspace_0                          (abs)        08009
__Hspace_1                          (abs)        0014D
__Hspace_2                          (abs)        00000
__Hspace_3                          (abs)        00000
__Hstack                            stack        00000
__Hstrings                          strings      00000
__Hstringtext1                      stringtext1  00000
__Hstringtext10                     stringtext10 00000
__Hstringtext11                     stringtext11 00000
__Hstringtext12                     stringtext12 00000
__Hstringtext13                     stringtext13 00000
__Hstringtext14                     stringtext14 00000
__Hstringtext15                     stringtext15 00000
__Hstringtext2                      stringtext2  00000
__Hstringtext3                      stringtext3  00000
__Hstringtext4                      stringtext4  00000
__Hstringtext5                      stringtext5  00000
__Hstringtext6                      stringtext6  00000
__Hstringtext7                      stringtext7  00000
__Hstringtext8                      stringtext8  00000
__Hstringtext9                      stringtext9  00000
__Htext                             text         00000
__Labs1                             abs1         00000
__Lbank0                            bank0        00000
__Lbank1                            bank1        00000
__Lbank10                           bank10       00000
__Lbank11                           bank11       00000
__Lbank12                           bank12       00000
__Lbank13                           bank13       00000
__Lbank14                           bank14       00000
__Lbank15                           bank15       00000
__Lbank16                           bank16       00000
__Lbank17                           bank17       00000
__Lbank18                           bank18       00000
__Lbank19                           bank19       00000
__Lbank2                            bank2        00000
__Lbank20                           bank20       00000
__Lbank21                           bank21       00000
__Lbank22                           bank22       00000
__Lbank23                           bank23       00000
__Lbank24                           bank24       00000
__Lbank25                           bank25       00000
__Lbank26                           bank26       00000
__Lbank27                           bank27       00000
__Lbank28                           bank28       00000
__Lbank29                           bank29       00000
__Lbank3                            bank3        00000
__Lbank30                           bank30       00000
__Lbank31                           bank31       00000
__Lbank4                            bank4        00000
__Lbank5                            bank5        00000
__Lbank6                            bank6        00000
__Lbank7                            bank7        00000
__Lbank8                            bank8        00000
__Lbank9                            bank9        00000
__Lbigram                           bigram       00000
__LbssBANK0                         bssBANK0     00000
__LbssBANK1                         bssBANK1     00000
__LbssBANK2                         bssBANK2     00000
__Lcinit                            cinit        00092
__Lclrtext                          clrtext      00000
__Lcode                             code         00000
__Lcommon                           common       00000
__Lconfig                           config       08007
__LcstackBANK0                      cstackBANK0  00000
__LcstackBANK2                      cstackBANK2  00000
__LcstackCOMMON                     cstackCOMMON 00000
__LdataBANK0                        dataBANK0    00000
__Leeprom_data                      eeprom_data  00000
__Lend_init                         end_init     00090
__Lfunctab                          functab      00000
__LidataBANK0                       idataBANK0   00000
__Lidloc                            idloc        00000
__Linit                             init         00090
__Lintentry                         intentry     00004
__Lmaintext                         maintext     00000
__Lpowerup                          powerup      00000
__Lram                              ram          00000
__Lreset_vec                        reset_vec    00000
__Lsfr0                             sfr0         00000
__Lsfr1                             sfr1         00000
__Lsfr10                            sfr10        00000
__Lsfr11                            sfr11        00000
__Lsfr12                            sfr12        00000
__Lsfr13                            sfr13        00000
__Lsfr14                            sfr14        00000
__Lsfr15                            sfr15        00000
__Lsfr16                            sfr16        00000
__Lsfr17                            sfr17        00000
__Lsfr18                            sfr18        00000
__Lsfr19                            sfr19        00000
__Lsfr2                             sfr2         00000
__Lsfr20                            sfr20        00000
__Lsfr21                            sfr21        00000
__Lsfr22                            sfr22        00000
__Lsfr23                            sfr23        00000
__Lsfr24                            sfr24        00000
__Lsfr25                            sfr25        00000
__Lsfr26                            sfr26        00000
__Lsfr27                            sfr27        00000
__Lsfr28                            sfr28        00000
__Lsfr29                            sfr29        00000
__Lsfr3                             sfr3         00000
__Lsfr30                            sfr30        00000
__Lsfr31                            sfr31        00000
__Lsfr4                             sfr4         00000
__Lsfr5                             sfr5         00000
__Lsfr6                             sfr6         00000
__Lsfr7                             sfr7         00000
__Lsfr8                             sfr8         00000
__Lsfr9                             sfr9         00000
__Lspace_0                          (abs)        00000
__Lspace_1                          (abs)        00000
__Lspace_2                          (abs)        00000
__Lspace_3                          (abs)        00000
__Lstack                            stack        00000
__Lstrings                          strings      00000
__Lstringtext1                      stringtext1  00000
__Lstringtext10                     stringtext10 00000
__Lstringtext11                     stringtext11 00000
__Lstringtext12                     stringtext12 00000
__Lstringtext13                     stringtext13 00000
__Lstringtext14                     stringtext14 00000
__Lstringtext15                     stringtext15 00000
__Lstringtext2                      stringtext2  00000
__Lstringtext3                      stringtext3  00000
__Lstringtext4                      stringtext4  00000
__Lstringtext5                      stringtext5  00000
__Lstringtext6                      stringtext6  00000
__Lstringtext7                      stringtext7  00000
__Lstringtext8                      stringtext8  00000
__Lstringtext9                      stringtext9  00000
__Ltext                             text         00000
__S0                                (abs)        08009
__S1                                (abs)        0014D
__S2                                (abs)        00000
__S3                                (abs)        00000
___bmul                             text18       0034B
___bmul@multiplicand                cstackCOMMON 00070
___bmul@multiplier                  cstackCOMMON 00073
___bmul@product                     cstackCOMMON 00072
___int_sp                           stack        00000
___latbits                          (abs)        00002
___sp                               stack        00000
___stackhi                          (abs)        023EF
___stacklo                          (abs)        020CD
__end_ofLCD_CreateArrows@arrow_down stringtext2  003A4
__end_ofLCD_CreateArrows@arrow_up   stringtext3  00342
__end_ofLCD_CreateArrows@ok         stringtext1  0039C
__end_of_DelayMS                    text14       0030E
__end_of_EVENTS_TimerISR            text15       002AB
__end_of_I2C_Init                   text11       0038B
__end_of_I2C_ReadByte               text5        0033A
__end_of_I2C_Restart                text4        003DF
__end_of_I2C_Start                  text9        003E9
__end_of_I2C_Stop                   text8        003E4
__end_of_I2C_WaitIF                 text10       003EE
__end_of_I2C_WriteByte              text7        003D4
__end_of_INT_Manager                intentry     00090
__end_of_LOOPDELAY_TimerISR         text16       00376
__end_of_LSM330_init                text6        002E0
__end_of_LSM330_read                text3        0024E
__end_of_UART_Init                  text2        00381
__end_of_UART_Putc                  text1        00324
__end_of_UnhandledInterrupt         text13       00369
__end_of___bmul                     text18       0035C
__end_of__initialization            cinit        000B1
__end_of_main                       maintext     0015C
__end_of_memset                     text17       001F1
__initialization                    cinit        00092
__pbssBANK0                         bssBANK0     00020
__pbssBANK1                         bssBANK1     000A0
__pbssBANK2                         bssBANK2     00120
__pcstackBANK0                      cstackBANK0  0004B
__pcstackBANK2                      cstackBANK2  00140
__pcstackCOMMON                     cstackCOMMON 00070
__pdataBANK0                        dataBANK0    00060
__pidataBANK0                       idataBANK0   003FD
__pintentry                         intentry     00004
__pmaintext                         maintext     000B5
__pstringtext1                      stringtext1  00394
__pstringtext10                     stringtext10 003EE
__pstringtext11                     stringtext11 003F2
__pstringtext12                     stringtext12 003F6
__pstringtext13                     stringtext13 003FA
__pstringtext14                     stringtext14 003FF
__pstringtext15                     stringtext15 00000
__pstringtext2                      stringtext2  0039C
__pstringtext3                      stringtext3  0033A
__pstringtext4                      stringtext4  0038B
__pstringtext5                      stringtext5  003A4
__pstringtext6                      stringtext6  003AC
__pstringtext7                      stringtext7  003B4
__pstringtext8                      stringtext8  003BC
__pstringtext9                      stringtext9  003C4
__ptext1                            text1        0030E
__ptext10                           text10       003E9
__ptext11                           text11       00381
__ptext13                           text13       0035C
__ptext14                           text14       002E0
__ptext15                           text15       0024E
__ptext16                           text16       00369
__ptext17                           text17       0015C
__ptext18                           text18       0034B
__ptext2                            text2        00376
__ptext3                            text3        001F1
__ptext4                            text4        003DA
__ptext5                            text5        00324
__ptext6                            text6        002AB
__ptext7                            text7        003CC
__ptext8                            text8        003DF
__ptext9                            text9        003E4
__size_of_DelayMS                   (abs)        00000
__size_of_EVENTS_TimerISR           (abs)        00000
__size_of_I2C_Init                  (abs)        00000
__size_of_I2C_ReadByte              (abs)        00000
__size_of_I2C_Restart               (abs)        00000
__size_of_I2C_Start                 (abs)        00000
__size_of_I2C_Stop                  (abs)        00000
__size_of_I2C_WaitIF                (abs)        00000
__size_of_I2C_WriteByte             (abs)        00000
__size_of_INT_Manager               (abs)        00000
__size_of_LOOPDELAY_TimerISR        (abs)        00000
__size_of_LSM330_init               (abs)        00000
__size_of_LSM330_read               (abs)        00000
__size_of_UART_Init                 (abs)        00000
__size_of_UART_Putc                 (abs)        00000
__size_of_UnhandledInterrupt        (abs)        00000
__size_of___bmul                    (abs)        00000
__size_of_main                      (abs)        00000
__size_of_memset                    (abs)        00000
_extIntCallbackFunction             bssBANK0     00038
_loopDelayCnt                       bssBANK0     00036
_loopDelayMS                        bssBANK0     00049
_main                               maintext     000B5
_memset                             text17       0015C
_p_events                           bssBANK0     00042
_p_menu                             bssBANK0     00043
_p_toEvents                         bssBANK0     00048
_p_toState                          bssBANK0     00047
_timeEvents                         bssBANK1     000AE
_timeoutCounter                     bssBANK0     0003C
_tmr0CallbackFunction               bssBANK0     00026
_tmr1CallbackFunction               bssBANK1     000A8
_tmr2CallbackFunction               bssBANK0     00020
_uartCallbackFunction               bssBANK0     0003A
btemp                               (abs)        0007E
clear_ram0                          clrtext      003D4
end_of_initialization               cinit        000B1
int$flags                           (abs)        0007E
intlevel0                           functab      00000
intlevel1                           functab      00000
intlevel2                           functab      00000
intlevel3                           functab      00000
intlevel4                           functab      00000
intlevel5                           functab      00000
main@tilt_count                     cstackBANK2  0014C
main@xAccl                          cstackBANK2  0014A
memset@c                            cstackCOMMON 00070
memset@dest                         cstackCOMMON 00078
memset@k                            cstackCOMMON 00076
memset@n                            cstackCOMMON 00072
memset@s                            cstackCOMMON 00079
reset_vec                           reset_vec    00000
start                               init         00090
start_initialization                cinit        00092
wtemp0                              (abs)        0007E


FUNCTION INFORMATION:

 *************** function _main *****************
 Defined at:
		line 77 in file "main.c"
 Parameters:    Size  Location     Type
		None
 Auto vars:     Size  Location     Type
  xAccl           2   10[BANK2 ] short 
  zAccl           2    0        short 
  yAccl           2    0        short 
  zGyro           2    0        short 
  yGyro           2    0        short 
  xGyro           2    0        short 
  tilt_count      1   12[BANK2 ] unsigned char 
 Return value:  Size  Location     Type
                  1    wreg      void 
 Registers used:
		wreg, status,2, status,0, pclath, cstack
 Tracked objects:
		On entry : 
		On exit  : 
		Unchanged: 
 Data sizes:     COMMON   BANK0   BANK1   BANK2   BANK3   BANK4   BANK5   BANK6   BANK7   BANK8   BANK9  BANK10  BANK11  BANK12
      Params:         0       0       0       0       0       0       0       0       0       0       0       0       0       0
      Locals:         0       0       0      13       0       0       0       0       0       0       0       0       0       0
      Temps:          0       2       0       0       0       0       0       0       0       0       0       0       0       0
      Totals:         0       2       0      13       0       0       0       0       0       0       0       0       0       0
Total ram usage:       15 bytes
 Hardware stack levels required when called:    6
 This function calls:
		_LSM330_init
		_LSM330_read
		_UART_Init
		_UART_Putc
 This function is called by:
		Startup code after reset
 This function uses a non-reentrant model


 *************** function _UART_Putc *****************
 Defined at:
		line 92 in file "src/PBA_driver_uart.c"
 Parameters:    Size  Location     Type
  c               1    wreg     unsigned char 
 Auto vars:     Size  Location     Type
  c               1    6[BANK0 ] unsigned char 
 Return value:  Size  Location     Type
                  1    wreg      void 
 Registers used:
		wreg, status,2, status,0
 Tracked objects:
		On entry : 
		On exit  : 
		Unchanged: 
 Data sizes:     COMMON   BANK0   BANK1   BANK2   BANK3   BANK4   BANK5   BANK6   BANK7   BANK8   BANK9  BANK10  BANK11  BANK12
      Params:         0       0       0       0       0       0       0       0       0       0       0       0       0       0
      Locals:         0       1       0       0       0       0       0       0       0       0       0       0       0       0
      Temps:          0       1       0       0       0       0       0       0       0       0       0       0       0       0
      Totals:         0       2       0       0       0       0       0       0       0       0       0       0       0       0
Total ram usage:        2 bytes
 Hardware stack levels used:    1
 Hardware stack levels required when called:    3
 This function calls:
		Nothing
 This function is called by:
		_main
		_UART_WriteLine
		_UART_Puts
		_UART_WriteLineRom
		_UART_PutsRom
		_UART_Gets
		_UART_GetHexDigit
 This function uses a non-reentrant model


 *************** function _UART_Init *****************
 Defined at:
		line 66 in file "src/PBA_driver_uart.c"
 Parameters:    Size  Location     Type
		None
 Auto vars:     Size  Location     Type
		None
 Return value:  Size  Location     Type
                  1    wreg      void 
 Registers used:
		wreg, status,2
 Tracked objects:
		On entry : 
		On exit  : 
		Unchanged: 
 Data sizes:     COMMON   BANK0   BANK1   BANK2   BANK3   BANK4   BANK5   BANK6   BANK7   BANK8   BANK9  BANK10  BANK11  BANK12
      Params:         0       0       0       0       0       0       0       0       0       0       0       0       0       0
      Locals:         0       0       0       0       0       0       0       0       0       0       0       0       0       0
      Temps:          0       0       0       0       0       0       0       0       0       0       0       0       0       0
      Totals:         0       0       0       0       0       0       0       0       0       0       0       0       0       0
Total ram usage:        0 bytes
 Hardware stack levels used:    1
 Hardware stack levels required when called:    3
 This function calls:
		Nothing
 This function is called by:
		_main
		_PBA_Init
 This function uses a non-reentrant model


 *************** function _LSM330_read *****************
 Defined at:
		line 160 in file "main.c"
 Parameters:    Size  Location     Type
  Addr            1    wreg     unsigned char 
  RegAddress      1    6[BANK0 ] unsigned char 
 Auto vars:     Size  Location     Type
  Addr            1   18[BANK0 ] unsigned char 
  data            2   15[BANK0 ] short 
  dataH           2   13[BANK0 ] short 
  dataL           1   17[BANK0 ] unsigned char 
 Return value:  Size  Location     Type
                  2    6[BANK0 ] short 
 Registers used:
		wreg, status,2, status,0, pclath, cstack
 Tracked objects:
		On entry : 
		On exit  : 
		Unchanged: 
 Data sizes:     COMMON   BANK0   BANK1   BANK2   BANK3   BANK4   BANK5   BANK6   BANK7   BANK8   BANK9  BANK10  BANK11  BANK12
      Params:         0       2       0       0       0       0       0       0       0       0       0       0       0       0
      Locals:         0       6       0       0       0       0       0       0       0       0       0       0       0       0
      Temps:          0       5       0       0       0       0       0       0       0       0       0       0       0       0
      Totals:         0      13       0       0       0       0       0       0       0       0       0       0       0       0
Total ram usage:       13 bytes
 Hardware stack levels used:    1
 Hardware stack levels required when called:    5
 This function calls:
		_I2C_ReadByte
		_I2C_Restart
		_I2C_Start
		_I2C_Stop
		_I2C_WriteByte
 This function is called by:
		_main
 This function uses a non-reentrant model


 *************** function _I2C_Restart *****************
 Defined at:
		line 92 in file "src/PBA_driver_i2c.c"
 Parameters:    Size  Location     Type
		None
 Auto vars:     Size  Location     Type
		None
 Return value:  Size  Location     Type
                  1    wreg      void 
 Registers used:
		status,2, status,0, pclath, cstack
 Tracked objects:
		On entry : 
		On exit  : 
		Unchanged: 
 Data sizes:     COMMON   BANK0   BANK1   BANK2   BANK3   BANK4   BANK5   BANK6   BANK7   BANK8   BANK9  BANK10  BANK11  BANK12
      Params:         0       0       0       0       0       0       0       0       0       0       0       0       0       0
      Locals:         0       0       0       0       0       0       0       0       0       0       0       0       0       0
      Temps:          0       0       0       0       0       0       0       0       0       0       0       0       0       0
      Totals:         0       0       0       0       0       0       0       0       0       0       0       0       0       0
Total ram usage:        0 bytes
 Hardware stack levels used:    1
 Hardware stack levels required when called:    4
 This function calls:
		_I2C_WaitIF
 This function is called by:
		_LSM330_read
		_LM75_ReadTemp
 This function uses a non-reentrant model


 *************** function _I2C_ReadByte *****************
 Defined at:
		line 122 in file "src/PBA_driver_i2c.c"
 Parameters:    Size  Location     Type
  ack             1    wreg     unsigned char 
 Auto vars:     Size  Location     Type
  ack             1    5[BANK0 ] unsigned char 
 Return value:  Size  Location     Type
                  1    wreg      unsigned char 
 Registers used:
		wreg, status,2, status,0, pclath, cstack
 Tracked objects:
		On entry : 
		On exit  : 
		Unchanged: 
 Data sizes:     COMMON   BANK0   BANK1   BANK2   BANK3   BANK4   BANK5   BANK6   BANK7   BANK8   BANK9  BANK10  BANK11  BANK12
      Params:         0       0       0       0       0       0       0       0       0       0       0       0       0       0
      Locals:         0       1       0       0       0       0       0       0       0       0       0       0       0       0
      Temps:          0       0       0       0       0       0       0       0       0       0       0       0       0       0
      Totals:         0       1       0       0       0       0       0       0       0       0       0       0       0       0
Total ram usage:        1 bytes
 Hardware stack levels used:    1
 Hardware stack levels required when called:    4
 This function calls:
		_I2C_WaitIF
 This function is called by:
		_LSM330_read
		_LM75_ReadTemp
 This function uses a non-reentrant model


 *************** function _LSM330_init *****************
 Defined at:
		line 140 in file "main.c"
 Parameters:    Size  Location     Type
		None
 Auto vars:     Size  Location     Type
		None
 Return value:  Size  Location     Type
                  1    wreg      void 
 Registers used:
		wreg, status,2, status,0, pclath, cstack
 Tracked objects:
		On entry : 
		On exit  : 
		Unchanged: 
 Data sizes:     COMMON   BANK0   BANK1   BANK2   BANK3   BANK4   BANK5   BANK6   BANK7   BANK8   BANK9  BANK10  BANK11  BANK12
      Params:         0       0       0       0       0       0       0       0       0       0       0       0       0       0
      Locals:         0       0       0       0       0       0       0       0       0       0       0       0       0       0
      Temps:          0       2       0       0       0       0       0       0       0       0       0       0       0       0
      Totals:         0       2       0       0       0       0       0       0       0       0       0       0       0       0
Total ram usage:        2 bytes
 Hardware stack levels used:    1
 Hardware stack levels required when called:    5
 This function calls:
		_I2C_Init
		_I2C_Start
		_I2C_Stop
		_I2C_WriteByte
 This function is called by:
		_main
 This function uses a non-reentrant model


 *************** function _I2C_WriteByte *****************
 Defined at:
		line 111 in file "src/PBA_driver_i2c.c"
 Parameters:    Size  Location     Type
  data            1    wreg     unsigned char 
 Auto vars:     Size  Location     Type
  data            1    5[BANK0 ] unsigned char 
 Return value:  Size  Location     Type
                  1    wreg      void 
 Registers used:
		wreg, status,2, status,0, pclath, cstack
 Tracked objects:
		On entry : 
		On exit  : 
		Unchanged: 
 Data sizes:     COMMON   BANK0   BANK1   BANK2   BANK3   BANK4   BANK5   BANK6   BANK7   BANK8   BANK9  BANK10  BANK11  BANK12
      Params:         0       0       0       0       0       0       0       0       0       0       0       0       0       0
      Locals:         0       1       0       0       0       0       0       0       0       0       0       0       0       0
      Temps:          0       0       0       0       0       0       0       0       0       0       0       0       0       0
      Totals:         0       1       0       0       0       0       0       0       0       0       0       0       0       0
Total ram usage:        1 bytes
 Hardware stack levels used:    1
 Hardware stack levels required when called:    4
 This function calls:
		_I2C_WaitIF
 This function is called by:
		_LSM330_init
		_LSM330_read
		_LM75_Init
		_LM75_ReadTemp
 This function uses a non-reentrant model


 *************** function _I2C_Stop *****************
 Defined at:
		line 101 in file "src/PBA_driver_i2c.c"
 Parameters:    Size  Location     Type
		None
 Auto vars:     Size  Location     Type
		None
 Return value:  Size  Location     Type
                  1    wreg      void 
 Registers used:
		status,2, status,0, pclath, cstack
 Tracked objects:
		On entry : 
		On exit  : 
		Unchanged: 
 Data sizes:     COMMON   BANK0   BANK1   BANK2   BANK3   BANK4   BANK5   BANK6   BANK7   BANK8   BANK9  BANK10  BANK11  BANK12
      Params:         0       0       0       0       0       0       0       0       0       0       0       0       0       0
      Locals:         0       0       0       0       0       0       0       0       0       0       0       0       0       0
      Temps:          0       0       0       0       0       0       0       0       0       0       0       0       0       0
      Totals:         0       0       0       0       0       0       0       0       0       0       0       0       0       0
Total ram usage:        0 bytes
 Hardware stack levels used:    1
 Hardware stack levels required when called:    4
 This function calls:
		_I2C_WaitIF
 This function is called by:
		_LSM330_init
		_LSM330_read
		_LM75_Init
		_LM75_ReadTemp
 This function uses a non-reentrant model


 *************** function _I2C_Start *****************
 Defined at:
		line 83 in file "src/PBA_driver_i2c.c"
 Parameters:    Size  Location     Type
		None
 Auto vars:     Size  Location     Type
		None
 Return value:  Size  Location     Type
                  1    wreg      void 
 Registers used:
		status,2, status,0, pclath, cstack
 Tracked objects:
		On entry : 
		On exit  : 
		Unchanged: 
 Data sizes:     COMMON   BANK0   BANK1   BANK2   BANK3   BANK4   BANK5   BANK6   BANK7   BANK8   BANK9  BANK10  BANK11  BANK12
      Params:         0       0       0       0       0       0       0       0       0       0       0       0       0       0
      Locals:         0       0       0       0       0       0       0       0       0       0       0       0       0       0
      Temps:          0       0       0       0       0       0       0       0       0       0       0       0       0       0
      Totals:         0       0       0       0       0       0       0       0       0       0       0       0       0       0
Total ram usage:        0 bytes
 Hardware stack levels used:    1
 Hardware stack levels required when called:    4
 This function calls:
		_I2C_WaitIF
 This function is called by:
		_LSM330_init
		_LSM330_read
		_LM75_Init
		_LM75_ReadTemp
 This function uses a non-reentrant model


 *************** function _I2C_WaitIF *****************
 Defined at:
		line 60 in file "src/PBA_driver_i2c.c"
 Parameters:    Size  Location     Type
		None
 Auto vars:     Size  Location     Type
		None
 Return value:  Size  Location     Type
                  1    wreg      void 
 Registers used:
		None
 Tracked objects:
		On entry : 
		On exit  : 
		Unchanged: 
 Data sizes:     COMMON   BANK0   BANK1   BANK2   BANK3   BANK4   BANK5   BANK6   BANK7   BANK8   BANK9  BANK10  BANK11  BANK12
      Params:         0       0       0       0       0       0       0       0       0       0       0       0       0       0
      Locals:         0       0       0       0       0       0       0       0       0       0       0       0       0       0
      Temps:          0       0       0       0       0       0       0       0       0       0       0       0       0       0
      Totals:         0       0       0       0       0       0       0       0       0       0       0       0       0       0
Total ram usage:        0 bytes
 Hardware stack levels used:    1
 Hardware stack levels required when called:    3
 This function calls:
		Nothing
 This function is called by:
		_I2C_Start
		_I2C_Restart
		_I2C_Stop
		_I2C_WriteByte
		_I2C_ReadByte
 This function uses a non-reentrant model


 *************** function _I2C_Init *****************
 Defined at:
		line 70 in file "src/PBA_driver_i2c.c"
 Parameters:    Size  Location     Type
		None
 Auto vars:     Size  Location     Type
		None
 Return value:  Size  Location     Type
                  1    wreg      void 
 Registers used:
		wreg
 Tracked objects:
		On entry : 
		On exit  : 
		Unchanged: 
 Data sizes:     COMMON   BANK0   BANK1   BANK2   BANK3   BANK4   BANK5   BANK6   BANK7   BANK8   BANK9  BANK10  BANK11  BANK12
      Params:         0       0       0       0       0       0       0       0       0       0       0       0       0       0
      Locals:         0       0       0       0       0       0       0       0       0       0       0       0       0       0
      Temps:          0       0       0       0       0       0       0       0       0       0       0       0       0       0
      Totals:         0       0       0       0       0       0       0       0       0       0       0       0       0       0
Total ram usage:        0 bytes
 Hardware stack levels used:    1
 Hardware stack levels required when called:    3
 This function calls:
		Nothing
 This function is called by:
		_LSM330_init
		_PBA_Init
		_LM75_Init
 This function uses a non-reentrant model


 *************** function _INT_Manager *****************
 Defined at:
		line 77 in file "src/PBA_interrupts.c"
 Parameters:    Size  Location     Type
		None
 Auto vars:     Size  Location     Type
  cnt             1    4[BANK0 ] unsigned char 
  cnt             1    3[BANK0 ] unsigned char 
  cnt             1    2[BANK0 ] unsigned char 
 Return value:  Size  Location     Type
                  1    wreg      void 
 Registers used:
		wreg, fsr1l, fsr1h, status,2, status,0, pclath, cstack
 Tracked objects:
		On entry : 
		On exit  : 
		Unchanged: 
 Data sizes:     COMMON   BANK0   BANK1   BANK2   BANK3   BANK4   BANK5   BANK6   BANK7   BANK8   BANK9  BANK10  BANK11  BANK12
      Params:         0       0       0       0       0       0       0       0       0       0       0       0       0       0
      Locals:         0       3       0       0       0       0       0       0       0       0       0       0       0       0
      Temps:          0       2       0       0       0       0       0       0       0       0       0       0       0       0
      Totals:         0       5       0       0       0       0       0       0       0       0       0       0       0       0
Total ram usage:        5 bytes
 Hardware stack levels used:    1
 Hardware stack levels required when called:    2
 This function calls:
		Absolute function
		_EVENTS_TimerISR
		_LOOPDELAY_TimerISR
		_UnhandledInterrupt
 This function is called by:
		Interrupt level 1
 This function uses a non-reentrant model


 *************** function _UnhandledInterrupt *****************
 Defined at:
		line 164 in file "src/PBA_interrupts.c"
 Parameters:    Size  Location     Type
		None
 Auto vars:     Size  Location     Type
		None
 Return value:  Size  Location     Type
                  1    wreg      void 
 Registers used:
		wreg, status,2, status,0, pclath, cstack
 Tracked objects:
		On entry : 
		On exit  : 
		Unchanged: 
 Data sizes:     COMMON   BANK0   BANK1   BANK2   BANK3   BANK4   BANK5   BANK6   BANK7   BANK8   BANK9  BANK10  BANK11  BANK12
      Params:         0       0       0       0       0       0       0       0       0       0       0       0       0       0
      Locals:         0       0       0       0       0       0       0       0       0       0       0       0       0       0
      Temps:          1       0       0       0       0       0       0       0       0       0       0       0       0       0
      Totals:         1       0       0       0       0       0       0       0       0       0       0       0       0       0
Total ram usage:        1 bytes
 Hardware stack levels used:    1
 Hardware stack levels required when called:    1
 This function calls:
		_DelayMS
 This function is called by:
		_INT_Manager
 This function uses a non-reentrant model


 *************** function _DelayMS *****************
 Defined at:
		line 47 in file "src/PBA_helpers.c"
 Parameters:    Size  Location     Type
  timeMS          2    0[COMMON] unsigned short 
 Auto vars:     Size  Location     Type
		None
 Return value:  Size  Location     Type
                  1    wreg      void 
 Registers used:
		wreg, status,2, status,0
 Tracked objects:
		On entry : 
		On exit  : 
		Unchanged: 
 Data sizes:     COMMON   BANK0   BANK1   BANK2   BANK3   BANK4   BANK5   BANK6   BANK7   BANK8   BANK9  BANK10  BANK11  BANK12
      Params:         2       0       0       0       0       0       0       0       0       0       0       0       0       0
      Locals:         0       0       0       0       0       0       0       0       0       0       0       0       0       0
      Temps:          2       0       0       0       0       0       0       0       0       0       0       0       0       0
      Totals:         4       0       0       0       0       0       0       0       0       0       0       0       0       0
Total ram usage:        4 bytes
 Hardware stack levels used:    1
 This function calls:
		Nothing
 This function is called by:
		_UnhandledInterrupt
		_LCD_Clear
		_LCD_Home
		_LCD_Init
		_LM75_ReadTemp
 This function uses a non-reentrant model


 *************** function _EVENTS_TimerISR *****************
 Defined at:
		line 154 in file "src/PBA_events.c"
 Parameters:    Size  Location     Type
		None
 Auto vars:     Size  Location     Type
  i               1   13[COMMON] unsigned char 
 Return value:  Size  Location     Type
                  1    wreg      void 
 Registers used:
		wreg, fsr1l, fsr1h, status,2, status,0, pclath, cstack
 Tracked objects:
		On entry : 
		On exit  : 
		Unchanged: 
 Data sizes:     COMMON   BANK0   BANK1   BANK2   BANK3   BANK4   BANK5   BANK6   BANK7   BANK8   BANK9  BANK10  BANK11  BANK12
      Params:         0       0       0       0       0       0       0       0       0       0       0       0       0       0
      Locals:         1       0       0       0       0       0       0       0       0       0       0       0       0       0
      Temps:          3       0       0       0       0       0       0       0       0       0       0       0       0       0
      Totals:         4       0       0       0       0       0       0       0       0       0       0       0       0       0
Total ram usage:        4 bytes
 Hardware stack levels used:    1
 Hardware stack levels required when called:    1
 This function calls:
		___bmul
		_memset
 This function is called by:
		_EVENTS_Init
		_INT_Manager
 This function uses a non-reentrant model


 *************** function _LOOPDELAY_TimerISR *****************
 Defined at:
		line 90 in file "src/PBA_loopdelay.c"
 Parameters:    Size  Location     Type
		None
 Auto vars:     Size  Location     Type
		None
 Return value:  Size  Location     Type
                  1    wreg      void 
 Registers used:
		wreg
 Tracked objects:
		On entry : 
		On exit  : 
		Unchanged: 
 Data sizes:     COMMON   BANK0   BANK1   BANK2   BANK3   BANK4   BANK5   BANK6   BANK7   BANK8   BANK9  BANK10  BANK11  BANK12
      Params:         0       0       0       0       0       0       0       0       0       0       0       0       0       0
      Locals:         0       0       0       0       0       0       0       0       0       0       0       0       0       0
      Temps:          0       0       0       0       0       0       0       0       0       0       0       0       0       0
      Totals:         0       0       0       0       0       0       0       0       0       0       0       0       0       0
Total ram usage:        0 bytes
 Hardware stack levels used:    1
 This function calls:
		Nothing
 This function is called by:
		_LOOPDELAY_Init
		_INT_Manager
 This function uses a non-reentrant model


 *************** function _memset *****************
 Defined at:
		line 4 in file "C:\Program Files (x86)\Microchip\xc8\v2.05\pic\sources\c99\common\memset.c"
 Parameters:    Size  Location     Type
  dest            1    wreg     PTR void 
		 -> timeEvents(60), 
  c               2    0[COMMON] int 
  n               2    2[COMMON] unsigned int 
 Auto vars:     Size  Location     Type
  dest            1    8[COMMON] PTR void 
		 -> timeEvents(60), 
  k               2    6[COMMON] unsigned int 
  s               1    9[COMMON] PTR unsigned char 
		 -> timeEvents(60), 
 Return value:  Size  Location     Type
                  1    wreg      PTR void 
 Registers used:
		wreg, fsr1l, fsr1h, status,2, status,0
 Tracked objects:
		On entry : 
		On exit  : 
		Unchanged: 
 Data sizes:     COMMON   BANK0   BANK1   BANK2   BANK3   BANK4   BANK5   BANK6   BANK7   BANK8   BANK9  BANK10  BANK11  BANK12
      Params:         4       0       0       0       0       0       0       0       0       0       0       0       0       0
      Locals:         4       0       0       0       0       0       0       0       0       0       0       0       0       0
      Temps:          2       0       0       0       0       0       0       0       0       0       0       0       0       0
      Totals:        10       0       0       0       0       0       0       0       0       0       0       0       0       0
Total ram usage:       10 bytes
 Hardware stack levels used:    1
 This function calls:
		Nothing
 This function is called by:
		_EVENTS_TimerISR
 This function uses a non-reentrant model


 *************** function ___bmul *****************
 Defined at:
		line 4 in file "C:\Program Files (x86)\Microchip\xc8\v2.05\pic\sources\c99\common\Umul8.c"
 Parameters:    Size  Location     Type
  multiplier      1    wreg     unsigned char 
  multiplicand    1    0[COMMON] unsigned char 
 Auto vars:     Size  Location     Type
  multiplier      1    3[COMMON] unsigned char 
  product         1    2[COMMON] unsigned char 
 Return value:  Size  Location     Type
                  1    wreg      unsigned char 
 Registers used:
		wreg, status,2, status,0
 Tracked objects:
		On entry : 
		On exit  : 
		Unchanged: 
 Data sizes:     COMMON   BANK0   BANK1   BANK2   BANK3   BANK4   BANK5   BANK6   BANK7   BANK8   BANK9  BANK10  BANK11  BANK12
      Params:         1       0       0       0       0       0       0       0       0       0       0       0       0       0
      Locals:         2       0       0       0       0       0       0       0       0       0       0       0       0       0
      Temps:          1       0       0       0       0       0       0       0       0       0       0       0       0       0
      Totals:         4       0       0       0       0       0       0       0       0       0       0       0       0       0
Total ram usage:        4 bytes
 Hardware stack levels used:    1
 This function calls:
		Nothing
 This function is called by:
		_EVENTS_TimerISR
		_EVENTS_TimeoutHandler
		_EVENTS_ActiveUntilHandler
		_EVENTS_ResetTimeoutHandler
		_BinToBcd
 This function uses a non-reentrant model



MODULE INFORMATION

Module		Function		Class		Link	Load	Size
src/PBA_helpers.c
		_DelayMS       		CODE           	02E0	0000	47

src/PBA_helpers.c estimated size: 47

src/PBA_driver_i2c.c
		_I2C_Stop      		CODE           	03DF	0000	6
		_I2C_WriteByte 		CODE           	03CC	0000	9
		_I2C_WaitIF    		CODE           	03E9	0000	6
		_I2C_Init      		CODE           	0381	0000	11
		_I2C_ReadByte  		CODE           	0324	0000	23
		_I2C_Start     		CODE           	03E4	0000	6
		_I2C_Restart   		CODE           	03DA	0000	6

src/PBA_driver_i2c.c estimated size: 67

src/PBA_loopdelay.c
		_LOOPDELAY_TimerISR		CODE           	0369	0000	14

src/PBA_loopdelay.c estimated size: 14

C:\Program Files (x86)\Microchip\xc8\v2.05\pic\sources\c99\common\memset.c
		_memset        		CODE           	015C	0000	150

C:\Program Files (x86)\Microchip\xc8\v2.05\pic\sources\c99\common\memset.c estimated size: 150

src/PBA_events.c
		_EVENTS_TimerISR		CODE           	024E	0000	94

src/PBA_events.c estimated size: 94

C:\Program Files (x86)\Microchip\xc8\v2.05\pic\sources\c99\common\Umul8.c
		___bmul        		CODE           	034B	0000	18

C:\Program Files (x86)\Microchip\xc8\v2.05\pic\sources\c99\common\Umul8.c estimated size: 18

shared
		__initialization		CODE           	0092	0000	32
		LCD_CreateArrows@ok		STRCODE        	0394	0000	9
		LCD_CreateArrows@arrow_up		STRCODE        	033A	0000	9
		LCD_CreateArrows@arrow_down		STRCODE        	039C	0000	9

shared estimated size: 59

src/PBA_driver_uart.c
		_UART_Init     		CODE           	0376	0000	12
		_UART_Putc     		CODE           	030E	0000	23

src/PBA_driver_uart.c estimated size: 35

main.c
		_LSM330_read   		CODE           	01F1	0000	94
		_LSM330_init   		CODE           	02AB	0000	54
		_main          		CODE           	00B5	0000	168

main.c estimated size: 316

src/PBA_interrupts.c
		_INT_Manager   		CODE           	0004	0000	141
		_UnhandledInterrupt		CODE           	035C	0000	14

src/PBA_interrupts.c estimated size: 155

